
> gestion-empleados@0.1.0 build
> craco build

node.exe : 
[baseline-browser-mapping] The data 
in this module is over two months 
old.  To ensure accurate Baseline 
data, please update: `npm i 
baseline-browser-mapping@latest -D`
En línea: 1 Carácter: 1
+ & "C:\Program 
Files\nodejs/node.exe" "C:\Program 
Files\nodejs/node_mo ...
+ ~~~~~~~~~~~~~~~~~~~~~~~~~~~~~~~~~~~
~~~~~~~~~~~~~~~~~~~~~~~~~~~~~~~~~~
    + CategoryInfo          : NotSpe 
   cified: ([baseline-brows...ping@  
  latest -D`:String) [], RemoteExc   
 eption
    + FullyQualifiedErrorId : Native 
   CommandError
 
(node:1900) [DEP0176] 
DeprecationWarning: fs.F_OK is 
deprecated, use fs.constants.F_OK 
instead
(Use `node --trace-deprecation ...` 
to show where the warning was 
created)
Creating an optimized production build...
[baseline-browser-mapping] The data 
in this module is over two months 
old.  To ensure accurate Baseline 
data, please update: `npm i 
baseline-browser-mapping@latest -D`
Failed to compile.

The target environment doesn't support dynamic import() syntax so it's not possible to use external type 'module' within a script
Did you mean to build a EcmaScript Module ('output.module: true')?


